// Jest Snapshot v1, https://goo.gl/fbAQLP

exports[`<MovieOverview/> should render correctly should render correctly 1`] = `
Array [
  <div
    className="movie-rating"
  >
    <div
      className="movie-rating__score"
    >
      9.4
    </div>
    <p
      className="movie-rating__meta"
    >
      <span
        className="movie-rating__level"
      >
        Awesome
      </span>
      <span
        className="movie-rating__count"
      >
        3 ratings
      </span>
    </p>
  </div>,
  <div
    className="movie-card__text"
  >
    <p>
      Just do it! Make your dreams come true!
    </p>
    <p
      className="movie-card__director"
    >
      <b>
        Director
        : 
        Shia LaBeouf
      </b>
    </p>
    <p
      className="movie-card__starring"
    >
      <b>
        Starring: 
        Shia LaBeouf
      </b>
    </p>
  </div>,
]
`;
