// Jest Snapshot v1, https://goo.gl/fbAQLP

exports[`<MovieList/> should render correctly 1`] = `
<div
  className="catalog__movie-list"
>
  <article
    className="small-movie-card catalog__movie-card"
    onClick={[Function]}
    onMouseEnter={[Function]}
    onMouseLeave={[Function]}
  >
    <a
      className="small-movie-card__image"
      href="/films/1"
      onClick={[Function]}
    >
      <img
        alt="Fantastic Beasts: The Crimes of Grindelwald"
        height="175"
        src="/img/movies/images/2-1.jpg"
        width="280"
      />
    </a>
    <h3
      className="small-movie-card__title"
    >
      <span
        className="small-movie-card__link"
      >
        Fantastic Beasts: The Crimes of Grindelwald
      </span>
    </h3>
  </article>
</div>
`;
