// Jest Snapshot v1, https://goo.gl/fbAQLP

exports[`<GenreList/> should render correctly 1`] = `
<ul
  className="catalog__genres-list"
>
  <li
    className="catalog__genres-item catalog__genres-item--active"
  >
    <button
      className="catalog__genres-link"
      disabled={true}
      onClick={null}
      style={
        Object {
          "background": "transparent",
          "border": "none",
          "cursor": "",
          "paddingLeft": "0",
          "paddingRight": "0",
          "userSelect": "none",
        }
      }
      type="button"
    >
      All genres
    </button>
  </li>
  <li
    className="catalog__genres-item "
  >
    <button
      className="catalog__genres-link"
      disabled={false}
      href="#"
      onClick={[Function]}
      style={
        Object {
          "background": "transparent",
          "border": "none",
          "cursor": "pointer",
          "paddingLeft": "0",
          "paddingRight": "0",
          "userSelect": "none",
        }
      }
      type="button"
    >
      Comedy
    </button>
  </li>
</ul>
`;
